// Jest Snapshot v1, https://goo.gl/fbAQLP

exports[`Pruebas en <FirstApp /> Deberia hacer match con el snapshot 1`] = `
<div>
  <div
    class="app"
  >
    <header>
      <h1
        class="title"
      >
         
        Soy un titulo
         
      </h1>
      <h2
        class="subtitle"
      >
        soy un subtitulo
      </h2>
    </header>
  </div>
</div>
`;
